// Jest Snapshot v1, https://goo.gl/fbAQLP

exports[`<Cart/> renders and matches snappy 1`] = `
<header>
  <CloseButton
    onClick={[Function]}
    title="Close"
  >
    <button
      className="CloseButton-sc-1c5auz2-0 bpoXgx"
      onClick={[Function]}
      title="Close"
    >
      Ã—
    </button>
  </CloseButton>
  <Supreme>
    <h3
      className="Supreme-sc-1fh7gun-0 cRvdGr"
    >
      Miss Coleman Berge
      's Cart
    </h3>
  </Supreme>
  <p>
    You have 
    1
     Item
     in your cart.
  </p>
</header>
`;
